// Code generated by Netspective IGS. DO NOT EDIT.

@startuml igs.test
  hide circle
  skinparam linetype ortho
  skinparam roundcorner 20
  skinparam class {
    BackgroundColor White
    ArrowColor Silver
    BorderColor Silver
    FontColor Black
    FontSize 12
  }

  entity "party" as party {
    * **id**: INTEGER
    --
    * party_name: VARCHAR(255)
    * party_type_id: INTEGER <<ENUM(party_type)>> 
    --
    identifiers: PartyIdentifier[]
    relatedParties: PartyRelation[]
  }
  entity "party_identifier" as party_identifier {
    * **id**: INTEGER
    --
    * party_id: INTEGER <<FK(party)>>
    * identifier_name: VARCHAR(255)
    * identifier_value: VARCHAR(255)
    * party_identifier_source_id: INTEGER <<ENUM(party_identifier_source)>> 
  }
  entity "party_relation" as party_relation {
    * **id**: INTEGER
    --
    * origin_party_id: INTEGER <<FK(party)>>
    * related_party_id: INTEGER <<FK(party)>>
    * party_relation_type_id: INTEGER <<ENUM(party_relation_type)>> 
  }
  entity "organization" as organization {
    * **id**: INTEGER <<FK(party)>>
    --
    * organization_type_id: INTEGER <<ENUM(organization_type)>> 
     parent_org_id: INTEGER <<SELF>>
    * org_name: VARCHAR(255)
  }
  entity "person" as person {
    * **id**: INTEGER <<FK(party)>>
    --
    * person_type_id: INTEGER <<ENUM(person_type)>> 
    * person_fname: VARCHAR(255)
    * person_mname: VARCHAR(255)
    * person_lname: VARCHAR(255)
    * person_gender_id: INTEGER <<ENUM(person_gender)>> 
    * dob: TIMESTAMPTZ
  }
  entity "contact_electronic" as contact_electronic {
    * **id**: INTEGER
    --
    * electronic_details: VARCHAR(255)
    * contact_type_id: INTEGER <<ENUM(contact_type)>> 
    * party_id: INTEGER <<FK(party)>>
  }
  entity "contact_land" as contact_land {
    * **id**: INTEGER
    --
    * address_line1: VARCHAR(255)
    * address_line2: VARCHAR(255)
    * address_zip: VARCHAR(255)
    * address_city: VARCHAR(255)
    * address_state: VARCHAR(255)
    * address_country: VARCHAR(255)
    * contact_type_id: INTEGER <<ENUM(contact_type)>> 
    * party_id: INTEGER <<FK(party)>>
  }
  entity "contact_tele" as contact_tele {
    * **id**: INTEGER
    --
    * number: VARCHAR(255)
    * contact_type_id: INTEGER <<ENUM(contact_type)>> 
    * party_id: INTEGER <<FK(party)>>
  }
  entity "account" as account {
    * **id**: INTEGER
    --
    * account_type_id: INTEGER <<ENUM(account_type)>> 
    * account_name: VARCHAR(255)
    --
    identifiers: AccountIdentifier[]
  }
  entity "account_identifier" as account_identifier {
    * **id**: INTEGER
    --
    * account_id: INTEGER <<FK(account)>>
    * identifier_name: VARCHAR(255)
    * identifier_value: VARCHAR(255)
    * identifier_value_encrypted: VARCHAR(255)
    * account_auth_type_id: INTEGER <<ENUM(account_auth_type)>> 
  }
  entity "configuration_scope" as configuration_scope {
    * **id**: INTEGER
    --
    * code: VARCHAR(255)
    * value: VARCHAR(255)
    * description: VARCHAR(255)
    * hierarchy_level: INTEGER
  }
  entity "master_configuration" as master_configuration {
    * **id**: INTEGER
    --
    * configuration_scope_id: INTEGER <<FK(configuration_scope)>>
    * name: VARCHAR(255)
    * description: VARCHAR(255)
    * default_value: VARCHAR(255)
    * short_key: VARCHAR(255)
    * config_type: VARCHAR(255)
  }
  entity "configuration_value" as configuration_value {
    * **id**: INTEGER
    --
    * party_id: INTEGER <<FK(party)>>
    * master_configuration_id: INTEGER <<FK(master_configuration)>>
    * value: JSON
    * is_multivalue: BOOLEAN
    * nameas: VARCHAR(255)
    * description: VARCHAR(255)
  }
  entity "configuration_master_options" as configuration_master_options {
    * **id**: INTEGER
    --
    * name: VARCHAR(255)
    * description: VARCHAR(255)
    * type: VARCHAR(255)
  }
  entity "configuration_feature_flag" as configuration_feature_flag {
    * **id**: INTEGER
    --
    * party_id: INTEGER <<FK(party)>>
    * configuration_master_options_id: INTEGER <<FK(configuration_master_options)>>
    * master_configuration_id: INTEGER <<FK(master_configuration)>>
  }

  party |o..o| party_identifier
  party |o..o| party_relation
  party |o..o| party_relation
  party |o..o| contact_electronic
  party |o..o| contact_tele
  party |o..o| contact_land
  party |o..o| organization
  party |o..o| person
  party |o..o| configuration_value
  party |o..o| configuration_feature_flag
  account |o..o| account_identifier
  configuration_scope |o..o| master_configuration
  master_configuration |o..o| configuration_value
  master_configuration |o..o| configuration_feature_flag
  configuration_master_options |o..o| configuration_feature_flag
@enduml