// Code generated by Netspective IGS. DO NOT EDIT.

@startdot dot
digraph G {
  node [shape=none, margin=0]
  edge [arrowhead=crow, arrowtail=none, dir=both]

  PARTY [
            label=<<table border="0" cellborder="1" cellspacing="0" cellpadding="4">
                <tr><td colspan="4">PARTY</td></tr>
        <tr><td port="PARTY_ID">*</td><td>PK</td><td>PARTY_ID</td><td>INTEGER</td></tr>
        <tr><td port="PARTY_NAME">*</td><td></td><td>PARTY_NAME</td><td>VARCHAR(255)</td></tr>
        <tr><td port="PARTY_TYPE_ID">*</td><td></td><td>PARTY_TYPE_ID</td><td>PARTY_TYPE</td></tr>
        <tr><td port="CREATED_AT">*</td><td></td><td>CREATED_AT</td><td>TIMESTAMPTZ</td></tr>
        <tr><td port="UPDATED_ON"></td><td></td><td>UPDATED_ON</td><td>TIMESTAMPTZ</td></tr>
        <tr><td port="RECORD_STATUS_ID">*</td><td></td><td>RECORD_STATUS_ID</td><td>RECORD_STATUS</td></tr>
        <tr><td></td><td>BR</td><td><i>identifiers</i></td><td>PartyIdentifier[]</td></tr>
        <tr><td></td><td>BR</td><td><i>relatedParties</i></td><td>PartyRelation[]</td></tr>
          </table>>
            ]
  PARTY_IDENTIFIER [
            label=<<table border="0" cellborder="1" cellspacing="0" cellpadding="4">
                <tr><td colspan="4">PARTY_IDENTIFIER</td></tr>
        <tr><td port="PARTY_IDENTIFIER_ID">*</td><td>PK</td><td>PARTY_IDENTIFIER_ID</td><td>INTEGER</td></tr>
        <tr><td port="PARTY_ID">*</td><td></td><td>PARTY_ID</td><td>PARTY</td></tr>
        <tr><td port="IDENTIFIER_NAME">*</td><td></td><td>IDENTIFIER_NAME</td><td>VARCHAR(255)</td></tr>
        <tr><td port="IDENTIFIER_VALUE">*</td><td></td><td>IDENTIFIER_VALUE</td><td>VARCHAR(255)</td></tr>
        <tr><td port="PARTY_IDENTIFIER_SOURCE_ID">*</td><td></td><td>PARTY_IDENTIFIER_SOURCE_ID</td><td>PARTY_IDENTIFIER_SOURCE</td></tr>
        <tr><td port="CREATED_AT">*</td><td></td><td>CREATED_AT</td><td>TIMESTAMPTZ</td></tr>
        <tr><td port="UPDATED_ON"></td><td></td><td>UPDATED_ON</td><td>TIMESTAMPTZ</td></tr>
        <tr><td port="RECORD_STATUS_ID">*</td><td></td><td>RECORD_STATUS_ID</td><td>RECORD_STATUS</td></tr>
          </table>>
            ]
  PARTY_RELATION [
            label=<<table border="0" cellborder="1" cellspacing="0" cellpadding="4">
                <tr><td colspan="4">PARTY_RELATION</td></tr>
        <tr><td port="PARTY_RELATION_ID">*</td><td>PK</td><td>PARTY_RELATION_ID</td><td>INTEGER</td></tr>
        <tr><td port="ORIGIN_PARTY_ID">*</td><td></td><td>ORIGIN_PARTY_ID</td><td>PARTY</td></tr>
        <tr><td port="RELATED_PARTY_ID">*</td><td></td><td>RELATED_PARTY_ID</td><td>PARTY</td></tr>
        <tr><td port="PARTY_RELATION_TYPE_ID">*</td><td></td><td>PARTY_RELATION_TYPE_ID</td><td>PARTY_RELATION_TYPE</td></tr>
        <tr><td port="CREATED_AT">*</td><td></td><td>CREATED_AT</td><td>TIMESTAMPTZ</td></tr>
        <tr><td port="UPDATED_ON"></td><td></td><td>UPDATED_ON</td><td>TIMESTAMPTZ</td></tr>
        <tr><td port="RECORD_STATUS_ID">*</td><td></td><td>RECORD_STATUS_ID</td><td>RECORD_STATUS</td></tr>
          </table>>
            ]
  ORGANIZATION [
            label=<<table border="0" cellborder="1" cellspacing="0" cellpadding="4">
                <tr><td colspan="4">ORGANIZATION</td></tr>
        <tr><td port="PARTY_ID">*</td><td>PK</td><td>PARTY_ID</td><td>PARTY</td></tr>
        <tr><td port="ORGANIZATION_TYPE_ID">*</td><td></td><td>ORGANIZATION_TYPE_ID</td><td>ORGANIZATION_TYPE</td></tr>
        <tr><td port="PARENT_ORG_ID"></td><td>SR</td><td>PARENT_ORG_ID</td><td>INTEGER</td></tr>
        <tr><td port="ORG_NAME">*</td><td></td><td>ORG_NAME</td><td>VARCHAR(255)</td></tr>
        <tr><td port="CREATED_AT">*</td><td></td><td>CREATED_AT</td><td>TIMESTAMPTZ</td></tr>
        <tr><td port="UPDATED_ON"></td><td></td><td>UPDATED_ON</td><td>TIMESTAMPTZ</td></tr>
        <tr><td port="RECORD_STATUS_ID">*</td><td></td><td>RECORD_STATUS_ID</td><td>RECORD_STATUS</td></tr>
          </table>>
            ]
  PERSON [
            label=<<table border="0" cellborder="1" cellspacing="0" cellpadding="4">
                <tr><td colspan="4">PERSON</td></tr>
        <tr><td port="PARTY_ID">*</td><td>PK</td><td>PARTY_ID</td><td>PARTY</td></tr>
        <tr><td port="PERSON_TYPE_ID">*</td><td></td><td>PERSON_TYPE_ID</td><td>PERSON_TYPE</td></tr>
        <tr><td port="PERSON_FNAME">*</td><td></td><td>PERSON_FNAME</td><td>VARCHAR(255)</td></tr>
        <tr><td port="PERSON_MNAME">*</td><td></td><td>PERSON_MNAME</td><td>VARCHAR(255)</td></tr>
        <tr><td port="PERSON_LNAME">*</td><td></td><td>PERSON_LNAME</td><td>VARCHAR(255)</td></tr>
        <tr><td port="PERSON_GENDER_ID">*</td><td></td><td>PERSON_GENDER_ID</td><td>PERSON_GENDER</td></tr>
        <tr><td port="DOB">*</td><td></td><td>DOB</td><td>TIMESTAMPTZ</td></tr>
        <tr><td port="CREATED_AT">*</td><td></td><td>CREATED_AT</td><td>TIMESTAMPTZ</td></tr>
        <tr><td port="UPDATED_ON"></td><td></td><td>UPDATED_ON</td><td>TIMESTAMPTZ</td></tr>
        <tr><td port="RECORD_STATUS_ID">*</td><td></td><td>RECORD_STATUS_ID</td><td>RECORD_STATUS</td></tr>
          </table>>
            ]
  CONTACT_ELECTRONIC [
            label=<<table border="0" cellborder="1" cellspacing="0" cellpadding="4">
                <tr><td colspan="4">CONTACT_ELECTRONIC</td></tr>
        <tr><td port="CONTACT_ELECTRONIC_ID">*</td><td>PK</td><td>CONTACT_ELECTRONIC_ID</td><td>INTEGER</td></tr>
        <tr><td port="ELECTRONIC_DETAILS">*</td><td></td><td>ELECTRONIC_DETAILS</td><td>VARCHAR(255)</td></tr>
        <tr><td port="CONTACT_TYPE_ID">*</td><td></td><td>CONTACT_TYPE_ID</td><td>CONTACT_TYPE</td></tr>
        <tr><td port="PARTY_ID">*</td><td></td><td>PARTY_ID</td><td>PARTY</td></tr>
        <tr><td port="CREATED_AT">*</td><td></td><td>CREATED_AT</td><td>TIMESTAMPTZ</td></tr>
        <tr><td port="UPDATED_ON"></td><td></td><td>UPDATED_ON</td><td>TIMESTAMPTZ</td></tr>
        <tr><td port="RECORD_STATUS_ID">*</td><td></td><td>RECORD_STATUS_ID</td><td>RECORD_STATUS</td></tr>
          </table>>
            ]
  CONTACT_LAND [
            label=<<table border="0" cellborder="1" cellspacing="0" cellpadding="4">
                <tr><td colspan="4">CONTACT_LAND</td></tr>
        <tr><td port="CONTACT_LAND_ID">*</td><td>PK</td><td>CONTACT_LAND_ID</td><td>INTEGER</td></tr>
        <tr><td port="ADDRESS_LINE1">*</td><td></td><td>ADDRESS_LINE1</td><td>VARCHAR(255)</td></tr>
        <tr><td port="ADDRESS_LINE2">*</td><td></td><td>ADDRESS_LINE2</td><td>VARCHAR(255)</td></tr>
        <tr><td port="ADDRESS_ZIP">*</td><td></td><td>ADDRESS_ZIP</td><td>VARCHAR(255)</td></tr>
        <tr><td port="ADDRESS_CITY">*</td><td></td><td>ADDRESS_CITY</td><td>VARCHAR(255)</td></tr>
        <tr><td port="ADDRESS_STATE">*</td><td></td><td>ADDRESS_STATE</td><td>VARCHAR(255)</td></tr>
        <tr><td port="ADDRESS_COUNTRY">*</td><td></td><td>ADDRESS_COUNTRY</td><td>VARCHAR(255)</td></tr>
        <tr><td port="CONTACT_TYPE_ID">*</td><td></td><td>CONTACT_TYPE_ID</td><td>CONTACT_TYPE</td></tr>
        <tr><td port="PARTY_ID">*</td><td></td><td>PARTY_ID</td><td>PARTY</td></tr>
        <tr><td port="CREATED_AT">*</td><td></td><td>CREATED_AT</td><td>TIMESTAMPTZ</td></tr>
        <tr><td port="UPDATED_ON"></td><td></td><td>UPDATED_ON</td><td>TIMESTAMPTZ</td></tr>
        <tr><td port="RECORD_STATUS_ID">*</td><td></td><td>RECORD_STATUS_ID</td><td>RECORD_STATUS</td></tr>
          </table>>
            ]
  CONTACT_TELE [
            label=<<table border="0" cellborder="1" cellspacing="0" cellpadding="4">
                <tr><td colspan="4">CONTACT_TELE</td></tr>
        <tr><td port="CONTACT_TELE_ID">*</td><td>PK</td><td>CONTACT_TELE_ID</td><td>INTEGER</td></tr>
        <tr><td port="NUMBER">*</td><td></td><td>NUMBER</td><td>VARCHAR(255)</td></tr>
        <tr><td port="CONTACT_TYPE_ID">*</td><td></td><td>CONTACT_TYPE_ID</td><td>CONTACT_TYPE</td></tr>
        <tr><td port="PARTY_ID">*</td><td></td><td>PARTY_ID</td><td>PARTY</td></tr>
        <tr><td port="CREATED_AT">*</td><td></td><td>CREATED_AT</td><td>TIMESTAMPTZ</td></tr>
        <tr><td port="UPDATED_ON"></td><td></td><td>UPDATED_ON</td><td>TIMESTAMPTZ</td></tr>
        <tr><td port="RECORD_STATUS_ID">*</td><td></td><td>RECORD_STATUS_ID</td><td>RECORD_STATUS</td></tr>
          </table>>
            ]
  ACCOUNT [
            label=<<table border="0" cellborder="1" cellspacing="0" cellpadding="4">
                <tr><td colspan="4">ACCOUNT</td></tr>
        <tr><td port="ACCOUNT_ID">*</td><td>PK</td><td>ACCOUNT_ID</td><td>INTEGER</td></tr>
        <tr><td port="ACCOUNT_TYPE_ID">*</td><td></td><td>ACCOUNT_TYPE_ID</td><td>ACCOUNT_TYPE</td></tr>
        <tr><td port="ACCOUNT_NAME">*</td><td></td><td>ACCOUNT_NAME</td><td>VARCHAR(255)</td></tr>
        <tr><td port="CREATED_AT">*</td><td></td><td>CREATED_AT</td><td>TIMESTAMPTZ</td></tr>
        <tr><td port="UPDATED_ON"></td><td></td><td>UPDATED_ON</td><td>TIMESTAMPTZ</td></tr>
        <tr><td port="RECORD_STATUS_ID">*</td><td></td><td>RECORD_STATUS_ID</td><td>RECORD_STATUS</td></tr>
        <tr><td></td><td>BR</td><td><i>identifiers</i></td><td>AccountIdentifier[]</td></tr>
          </table>>
            ]
  ACCOUNT_IDENTIFIER [
            label=<<table border="0" cellborder="1" cellspacing="0" cellpadding="4">
                <tr><td colspan="4">ACCOUNT_IDENTIFIER</td></tr>
        <tr><td port="ACCOUNT_IDENTIFIER_ID">*</td><td>PK</td><td>ACCOUNT_IDENTIFIER_ID</td><td>INTEGER</td></tr>
        <tr><td port="ACCOUNT_ID">*</td><td></td><td>ACCOUNT_ID</td><td>ACCOUNT</td></tr>
        <tr><td port="IDENTIFIER_NAME">*</td><td></td><td>IDENTIFIER_NAME</td><td>VARCHAR(255)</td></tr>
        <tr><td port="IDENTIFIER_VALUE">*</td><td></td><td>IDENTIFIER_VALUE</td><td>VARCHAR(255)</td></tr>
        <tr><td port="IDENTIFIER_VALUE_ENCRYPTED">*</td><td></td><td>IDENTIFIER_VALUE_ENCRYPTED</td><td>VARCHAR(255)</td></tr>
        <tr><td port="ACCOUNT_AUTH_TYPE_ID">*</td><td></td><td>ACCOUNT_AUTH_TYPE_ID</td><td>ACCOUNT_AUTH_TYPE</td></tr>
        <tr><td port="CREATED_AT">*</td><td></td><td>CREATED_AT</td><td>TIMESTAMPTZ</td></tr>
        <tr><td port="UPDATED_ON"></td><td></td><td>UPDATED_ON</td><td>TIMESTAMPTZ</td></tr>
        <tr><td port="RECORD_STATUS_ID">*</td><td></td><td>RECORD_STATUS_ID</td><td>RECORD_STATUS</td></tr>
          </table>>
            ]
  CONFIGURATION_SCOPE [
            label=<<table border="0" cellborder="1" cellspacing="0" cellpadding="4">
                <tr><td colspan="4">CONFIGURATION_SCOPE</td></tr>
        <tr><td port="CONFIGURATION_SCOPE_ID">*</td><td>PK</td><td>CONFIGURATION_SCOPE_ID</td><td>INTEGER</td></tr>
        <tr><td port="CODE">*</td><td></td><td>CODE</td><td>VARCHAR(255)</td></tr>
        <tr><td port="VALUE">*</td><td></td><td>VALUE</td><td>VARCHAR(255)</td></tr>
        <tr><td port="DESCRIPTION">*</td><td></td><td>DESCRIPTION</td><td>VARCHAR(255)</td></tr>
        <tr><td port="HIERARCHY_LEVEL">*</td><td></td><td>HIERARCHY_LEVEL</td><td>INTEGER</td></tr>
        <tr><td port="CREATED_AT">*</td><td></td><td>CREATED_AT</td><td>TIMESTAMPTZ</td></tr>
        <tr><td port="UPDATED_ON"></td><td></td><td>UPDATED_ON</td><td>TIMESTAMPTZ</td></tr>
        <tr><td port="RECORD_STATUS_ID">*</td><td></td><td>RECORD_STATUS_ID</td><td>RECORD_STATUS</td></tr>
          </table>>
            ]
  MASTER_CONFIGURATION [
            label=<<table border="0" cellborder="1" cellspacing="0" cellpadding="4">
                <tr><td colspan="4">MASTER_CONFIGURATION</td></tr>
        <tr><td port="MASTER_CONFIGURATION_ID">*</td><td>PK</td><td>MASTER_CONFIGURATION_ID</td><td>INTEGER</td></tr>
        <tr><td port="CONFIGURATION_SCOPE_ID">*</td><td></td><td>CONFIGURATION_SCOPE_ID</td><td>CONFIGURATION_SCOPE</td></tr>
        <tr><td port="NAME">*</td><td></td><td>NAME</td><td>VARCHAR(255)</td></tr>
        <tr><td port="DESCRIPTION">*</td><td></td><td>DESCRIPTION</td><td>VARCHAR(255)</td></tr>
        <tr><td port="DEFAULT_VALUE">*</td><td></td><td>DEFAULT_VALUE</td><td>VARCHAR(255)</td></tr>
        <tr><td port="SHORT_KEY">*</td><td></td><td>SHORT_KEY</td><td>VARCHAR(255)</td></tr>
        <tr><td port="CONFIG_TYPE">*</td><td></td><td>CONFIG_TYPE</td><td>VARCHAR(255)</td></tr>
        <tr><td port="CREATED_AT">*</td><td></td><td>CREATED_AT</td><td>TIMESTAMPTZ</td></tr>
        <tr><td port="UPDATED_ON"></td><td></td><td>UPDATED_ON</td><td>TIMESTAMPTZ</td></tr>
        <tr><td port="RECORD_STATUS_ID">*</td><td></td><td>RECORD_STATUS_ID</td><td>RECORD_STATUS</td></tr>
          </table>>
            ]
  CONFIGURATION_VALUE [
            label=<<table border="0" cellborder="1" cellspacing="0" cellpadding="4">
                <tr><td colspan="4">CONFIGURATION_VALUE</td></tr>
        <tr><td port="CONFIGURATION_VALUE_ID">*</td><td>PK</td><td>CONFIGURATION_VALUE_ID</td><td>INTEGER</td></tr>
        <tr><td port="PARTY_ID">*</td><td></td><td>PARTY_ID</td><td>PARTY</td></tr>
        <tr><td port="MASTER_CONFIGURATION_ID">*</td><td></td><td>MASTER_CONFIGURATION_ID</td><td>MASTER_CONFIGURATION</td></tr>
        <tr><td port="VALUE">*</td><td></td><td>VALUE</td><td>JSON</td></tr>
        <tr><td port="IS_MULTIVALUE">*</td><td></td><td>IS_MULTIVALUE</td><td>BOOLEAN</td></tr>
        <tr><td port="NAMEAS">*</td><td></td><td>NAMEAS</td><td>VARCHAR(255)</td></tr>
        <tr><td port="DESCRIPTION">*</td><td></td><td>DESCRIPTION</td><td>VARCHAR(255)</td></tr>
        <tr><td port="CREATED_AT">*</td><td></td><td>CREATED_AT</td><td>TIMESTAMPTZ</td></tr>
        <tr><td port="UPDATED_ON"></td><td></td><td>UPDATED_ON</td><td>TIMESTAMPTZ</td></tr>
        <tr><td port="RECORD_STATUS_ID">*</td><td></td><td>RECORD_STATUS_ID</td><td>RECORD_STATUS</td></tr>
          </table>>
            ]
  CONFIGURATION_MASTER_OPTIONS [
            label=<<table border="0" cellborder="1" cellspacing="0" cellpadding="4">
                <tr><td colspan="4">CONFIGURATION_MASTER_OPTIONS</td></tr>
        <tr><td port="CONFIGURATION_MASTER_OPTIONS_ID">*</td><td>PK</td><td>CONFIGURATION_MASTER_OPTIONS_ID</td><td>INTEGER</td></tr>
        <tr><td port="NAME">*</td><td></td><td>NAME</td><td>VARCHAR(255)</td></tr>
        <tr><td port="DESCRIPTION">*</td><td></td><td>DESCRIPTION</td><td>VARCHAR(255)</td></tr>
        <tr><td port="TYPE">*</td><td></td><td>TYPE</td><td>VARCHAR(255)</td></tr>
        <tr><td port="CREATED_AT">*</td><td></td><td>CREATED_AT</td><td>TIMESTAMPTZ</td></tr>
        <tr><td port="UPDATED_ON"></td><td></td><td>UPDATED_ON</td><td>TIMESTAMPTZ</td></tr>
        <tr><td port="RECORD_STATUS_ID">*</td><td></td><td>RECORD_STATUS_ID</td><td>RECORD_STATUS</td></tr>
          </table>>
            ]
  CONFIGURATION_FEATURE_FLAG [
            label=<<table border="0" cellborder="1" cellspacing="0" cellpadding="4">
                <tr><td colspan="4">CONFIGURATION_FEATURE_FLAG</td></tr>
        <tr><td port="CONFIGURATION_FEATURE_FLAG_ID">*</td><td>PK</td><td>CONFIGURATION_FEATURE_FLAG_ID</td><td>INTEGER</td></tr>
        <tr><td port="PARTY_ID">*</td><td></td><td>PARTY_ID</td><td>PARTY</td></tr>
        <tr><td port="CONFIGURATION_MASTER_OPTIONS_ID">*</td><td></td><td>CONFIGURATION_MASTER_OPTIONS_ID</td><td>CONFIGURATION_MASTER_OPTIONS</td></tr>
        <tr><td port="MASTER_CONFIGURATION_ID">*</td><td></td><td>MASTER_CONFIGURATION_ID</td><td>MASTER_CONFIGURATION</td></tr>
        <tr><td port="CREATED_AT">*</td><td></td><td>CREATED_AT</td><td>TIMESTAMPTZ</td></tr>
        <tr><td port="UPDATED_ON"></td><td></td><td>UPDATED_ON</td><td>TIMESTAMPTZ</td></tr>
        <tr><td port="RECORD_STATUS_ID">*</td><td></td><td>RECORD_STATUS_ID</td><td>RECORD_STATUS</td></tr>
          </table>>
            ]
  PLPGSQL_CHECK_RESULT [
            label=<<table border="0" cellborder="1" cellspacing="0" cellpadding="4">
                <tr><td colspan="4">PLPGSQL_CHECK_RESULT</td></tr>
        <tr><td port="PLPGSQL_CHECK_RESULT_ID">*</td><td>PK</td><td>PLPGSQL_CHECK_RESULT_ID</td><td>INTEGER</td></tr>
        <tr><td port="FUNCTION_ID"></td><td></td><td>FUNCTION_ID</td><td>VARCHAR(255)</td></tr>
        <tr><td port="LINE_NO"></td><td></td><td>LINE_NO</td><td>INTEGER</td></tr>
        <tr><td port="STATEMENT"></td><td></td><td>STATEMENT</td><td>VARCHAR(3000)</td></tr>
        <tr><td port="SQL_STATE"></td><td></td><td>SQL_STATE</td><td>VARCHAR(255)</td></tr>
        <tr><td port="MESSAGE"></td><td></td><td>MESSAGE</td><td>VARCHAR(3000)</td></tr>
        <tr><td port="DETAIL"></td><td></td><td>DETAIL</td><td>VARCHAR(3000)</td></tr>
        <tr><td port="HINT"></td><td></td><td>HINT</td><td>VARCHAR(255)</td></tr>
        <tr><td port="LEVEL"></td><td></td><td>LEVEL</td><td>VARCHAR(255)</td></tr>
        <tr><td port="POSITION"></td><td></td><td>POSITION</td><td>VARCHAR(255)</td></tr>
        <tr><td port="QUERY"></td><td></td><td>QUERY</td><td>VARCHAR(3000)</td></tr>
        <tr><td port="CONTEXT"></td><td></td><td>CONTEXT</td><td>VARCHAR(255)</td></tr>
        <tr><td port="CREATED_AT">*</td><td></td><td>CREATED_AT</td><td>TIMESTAMPTZ</td></tr>
        <tr><td port="UPDATED_ON"></td><td></td><td>UPDATED_ON</td><td>TIMESTAMPTZ</td></tr>
        <tr><td port="RECORD_STATUS_ID">*</td><td></td><td>RECORD_STATUS_ID</td><td>RECORD_STATUS</td></tr>
          </table>>
            ]
PARTY -> PARTY_IDENTIFIER:PARTY_ID
PARTY -> PARTY_RELATION:ORIGIN_PARTY_ID
PARTY -> PARTY_RELATION:RELATED_PARTY_ID
PARTY -> CONTACT_ELECTRONIC:PARTY_ID
PARTY -> CONTACT_TELE:PARTY_ID
PARTY -> CONTACT_LAND:PARTY_ID
PARTY -> ORGANIZATION:PARTY_ID
PARTY -> PERSON:PARTY_ID
PARTY -> CONFIGURATION_VALUE:PARTY_ID
PARTY -> CONFIGURATION_FEATURE_FLAG:PARTY_ID
ACCOUNT -> ACCOUNT_IDENTIFIER:ACCOUNT_ID
CONFIGURATION_SCOPE -> MASTER_CONFIGURATION:CONFIGURATION_SCOPE_ID
MASTER_CONFIGURATION -> CONFIGURATION_VALUE:MASTER_CONFIGURATION_ID
MASTER_CONFIGURATION -> CONFIGURATION_FEATURE_FLAG:MASTER_CONFIGURATION_ID
CONFIGURATION_MASTER_OPTIONS -> CONFIGURATION_FEATURE_FLAG:CONFIGURATION_MASTER_OPTIONS_ID
}
@enddot