-- Code generated by Netspective IGS. DO NOT EDIT.

INSERT INTO RECORD_STATUS (RECORD_STATUS_ID, VALUE, CODE) VALUES (1, 'Active', 'ACTIVE');
INSERT INTO RECORD_STATUS (RECORD_STATUS_ID, VALUE, CODE) VALUES (2, 'Immutable', 'IMMUTABLE');
INSERT INTO RECORD_STATUS (RECORD_STATUS_ID, VALUE, CODE) VALUES (3, 'Inactive', 'INACTIVE');

INSERT INTO PARTY_TYPE (PARTY_TYPE_ID, VALUE, CODE) VALUES (1, 'System', 'SYSTEM');
INSERT INTO PARTY_TYPE (PARTY_TYPE_ID, VALUE, CODE) VALUES (2, 'Organization', 'ORGANIZATION');
INSERT INTO PARTY_TYPE (PARTY_TYPE_ID, VALUE, CODE) VALUES (3, 'Person', 'PERSON');

INSERT INTO PARTY (PARTY_NAME, PARTY_TYPE_ID, RECORD_STATUS_ID) VALUES ('SYSTEM', 1, 1);

INSERT INTO ORGANIZATION_TYPE (ORGANIZATION_TYPE_ID, VALUE, CODE, PARTY_ID, RECORD_STATUS_ID) VALUES ('40e6215d-b5c6-4896-987c-f30f3678f608', 'Tenant', 'TENANT', (select PARTY_ID from PARTY where PARTY_NAME = 'SYSTEM'), 1);
INSERT INTO ORGANIZATION_TYPE (ORGANIZATION_TYPE_ID, VALUE, CODE, PARTY_ID, RECORD_STATUS_ID) VALUES ('6ecd8c99-4036-403d-bf84-cf8400f67836', 'Institution', 'INSTITUTION', (select PARTY_ID from PARTY where PARTY_NAME = 'SYSTEM'), 1);
INSERT INTO ORGANIZATION_TYPE (ORGANIZATION_TYPE_ID, VALUE, CODE, PARTY_ID, RECORD_STATUS_ID) VALUES ('3f333df6-90a4-4fda-8dd3-9485d27cee36', 'Business Unit', 'BUSINESS_UNIT', (select PARTY_ID from PARTY where PARTY_NAME = 'SYSTEM'), 1);

INSERT INTO PERSON_GENDER (PERSON_GENDER_ID, VALUE, CODE) VALUES (1, 'Male', 'MALE');
INSERT INTO PERSON_GENDER (PERSON_GENDER_ID, VALUE, CODE) VALUES (2, 'Female', 'FEMALE');

INSERT INTO CONTACT_TYPE (CONTACT_TYPE_ID, VALUE, CODE) VALUES (1, 'Email', 'EMAIL');
INSERT INTO CONTACT_TYPE (CONTACT_TYPE_ID, VALUE, CODE) VALUES (2, 'SMS', 'SMS');
INSERT INTO CONTACT_TYPE (CONTACT_TYPE_ID, VALUE, CODE) VALUES (3, 'Call', 'CALL');
INSERT INTO CONTACT_TYPE (CONTACT_TYPE_ID, VALUE, CODE) VALUES (4, 'Land', 'LAND');

INSERT INTO ACCOUNT_TYPE (ACCOUNT_TYPE_ID, VALUE, CODE) VALUES (1, 'Person', 'PERSON');
INSERT INTO ACCOUNT_TYPE (ACCOUNT_TYPE_ID, VALUE, CODE) VALUES (2, 'Service', 'SERVICE');

INSERT INTO ACCOUNT_AUTH_TYPE (ACCOUNT_AUTH_TYPE_ID, VALUE, CODE) VALUES (1, 'E-mail', 'EMAIL');