-- Code generated by Netspective IGS. DO NOT EDIT.

INSERT INTO ACCOUNT (ACCOUNT_NAME, ACCOUNT_TYPE_ID, RECORD_STATUS_ID) VALUES ('Service', 2, 1);