-- Code generated by Netspective IGS. DO NOT EDIT.

CREATE TABLE IF NOT EXISTS RECORD_STATUS (
    RECORD_STATUS_ID INTEGER PRIMARY KEY NOT NULL,
    CODE VARCHAR(255) NOT NULL,
    VALUE VARCHAR(255) NOT NULL
);

CREATE TABLE IF NOT EXISTS PARTY_TYPE (
    PARTY_TYPE_ID INTEGER PRIMARY KEY NOT NULL,
    CODE VARCHAR(255) NOT NULL,
    VALUE VARCHAR(255) NOT NULL
);

CREATE TABLE IF NOT EXISTS PARTY (
    PARTY_ID INTEGER PRIMARY KEY AUTOINCREMENT,
    PARTY_NAME VARCHAR(255) NOT NULL,
    PARTY_TYPE_ID INTEGER NOT NULL,
    CREATED_AT TIMESTAMPTZ NOT NULL DEFAULT CURRENT_TIMESTAMP,
    UPDATED_ON TIMESTAMPTZ,
    RECORD_STATUS_ID INTEGER NOT NULL DEFAULT 1,
    FOREIGN KEY (PARTY_TYPE_ID) REFERENCES PARTY_TYPE(PARTY_TYPE_ID),
    FOREIGN KEY (RECORD_STATUS_ID) REFERENCES RECORD_STATUS(RECORD_STATUS_ID)
);

CREATE TABLE IF NOT EXISTS PARTY_IDENTIFIER_SOURCE (
    PARTY_IDENTIFIER_SOURCE_ID INTEGER PRIMARY KEY NOT NULL,
    CODE VARCHAR(255) NOT NULL,
    VALUE VARCHAR(255) NOT NULL
);

CREATE TABLE IF NOT EXISTS PARTY_IDENTIFIER (
    PARTY_IDENTIFIER_ID INTEGER PRIMARY KEY AUTOINCREMENT,
    PARTY_ID INTEGER NOT NULL,
    IDENTIFIER_NAME VARCHAR(255) NOT NULL,
    IDENTIFIER_VALUE VARCHAR(255) NOT NULL,
    PARTY_IDENTIFIER_SOURCE_ID INTEGER NOT NULL,
    CREATED_AT TIMESTAMPTZ NOT NULL DEFAULT CURRENT_TIMESTAMP,
    UPDATED_ON TIMESTAMPTZ,
    RECORD_STATUS_ID INTEGER NOT NULL DEFAULT 1,
    FOREIGN KEY (PARTY_ID) REFERENCES PARTY(PARTY_ID),
    FOREIGN KEY (PARTY_IDENTIFIER_SOURCE_ID) REFERENCES PARTY_IDENTIFIER_SOURCE(PARTY_IDENTIFIER_SOURCE_ID),
    FOREIGN KEY (RECORD_STATUS_ID) REFERENCES RECORD_STATUS(RECORD_STATUS_ID)
);

CREATE TABLE IF NOT EXISTS PARTY_RELATION_TYPE (
    PARTY_RELATION_TYPE_ID INTEGER PRIMARY KEY NOT NULL,
    CODE VARCHAR(255) NOT NULL,
    VALUE VARCHAR(255) NOT NULL
);

CREATE TABLE IF NOT EXISTS PARTY_RELATION (
    PARTY_RELATION_ID INTEGER PRIMARY KEY AUTOINCREMENT,
    ORIGIN_PARTY_ID INTEGER NOT NULL,
    RELATED_PARTY_ID INTEGER NOT NULL,
    PARTY_RELATION_TYPE_ID INTEGER NOT NULL,
    CREATED_AT TIMESTAMPTZ NOT NULL DEFAULT CURRENT_TIMESTAMP,
    UPDATED_ON TIMESTAMPTZ,
    RECORD_STATUS_ID INTEGER NOT NULL DEFAULT 1,
    FOREIGN KEY (ORIGIN_PARTY_ID) REFERENCES PARTY(PARTY_ID),
    FOREIGN KEY (RELATED_PARTY_ID) REFERENCES PARTY(PARTY_ID),
    FOREIGN KEY (PARTY_RELATION_TYPE_ID) REFERENCES PARTY_RELATION_TYPE(PARTY_RELATION_TYPE_ID),
    FOREIGN KEY (RECORD_STATUS_ID) REFERENCES RECORD_STATUS(RECORD_STATUS_ID)
);

CREATE TABLE IF NOT EXISTS ORGANIZATION_TYPE (
    ORGANIZATION_TYPE_ID INTEGER PRIMARY KEY AUTOINCREMENT,
    PARTY_ID INTEGER NOT NULL DEFAULT 1,
    CODE VARCHAR(255) NOT NULL,
    VALUE VARCHAR(255) NOT NULL,
    CREATED_AT TIMESTAMPTZ NOT NULL DEFAULT CURRENT_TIMESTAMP,
    UPDATED_ON TIMESTAMPTZ,
    RECORD_STATUS_ID INTEGER NOT NULL DEFAULT 1,
    FOREIGN KEY (PARTY_ID) REFERENCES PARTY(PARTY_ID),
    FOREIGN KEY (RECORD_STATUS_ID) REFERENCES RECORD_STATUS(RECORD_STATUS_ID)
);

CREATE TABLE IF NOT EXISTS ORGANIZATION (
    PARTY_ID INTEGER PRIMARY KEY NOT NULL,
    ORGANIZATION_TYPE_ID INTEGER NOT NULL,
    PARENT_ORG_ID INTEGER,
    ORG_NAME VARCHAR(255) NOT NULL,
    CREATED_AT TIMESTAMPTZ NOT NULL DEFAULT CURRENT_TIMESTAMP,
    UPDATED_ON TIMESTAMPTZ,
    RECORD_STATUS_ID INTEGER NOT NULL DEFAULT 1,
    FOREIGN KEY (ORGANIZATION_TYPE_ID) REFERENCES ORGANIZATION_TYPE(ORGANIZATION_TYPE_ID),
    FOREIGN KEY (RECORD_STATUS_ID) REFERENCES RECORD_STATUS(RECORD_STATUS_ID)
);

CREATE TABLE IF NOT EXISTS SPOKEN_LANGUAGE (
    SPOKEN_LANGUAGE_ID INTEGER PRIMARY KEY NOT NULL,
    CODE VARCHAR(255) NOT NULL,
    VALUE VARCHAR(255) NOT NULL
);

CREATE TABLE IF NOT EXISTS PERSON_EDUCATION_LEVEL (
    PERSON_EDUCATION_LEVEL_ID INTEGER PRIMARY KEY NOT NULL,
    CODE VARCHAR(255) NOT NULL,
    VALUE VARCHAR(255) NOT NULL
);

CREATE TABLE IF NOT EXISTS PERSON_TYPE (
    PERSON_TYPE_ID INTEGER PRIMARY KEY NOT NULL,
    CODE VARCHAR(255) NOT NULL,
    VALUE VARCHAR(255) NOT NULL
);

CREATE TABLE IF NOT EXISTS PERSON_GENDER (
    PERSON_GENDER_ID INTEGER PRIMARY KEY NOT NULL,
    CODE VARCHAR(255) NOT NULL,
    VALUE VARCHAR(255) NOT NULL
);

CREATE TABLE IF NOT EXISTS PERSON (
    PARTY_ID INTEGER PRIMARY KEY NOT NULL,
    PERSON_TYPE_ID INTEGER NOT NULL,
    PERSON_FNAME VARCHAR(255) NOT NULL,
    PERSON_MNAME VARCHAR(255) NOT NULL,
    PERSON_LNAME VARCHAR(255) NOT NULL,
    PERSON_GENDER_ID INTEGER NOT NULL,
    DOB TIMESTAMPTZ NOT NULL,
    CREATED_AT TIMESTAMPTZ NOT NULL DEFAULT CURRENT_TIMESTAMP,
    UPDATED_ON TIMESTAMPTZ,
    RECORD_STATUS_ID INTEGER NOT NULL DEFAULT 1,
    FOREIGN KEY (PERSON_TYPE_ID) REFERENCES PERSON_TYPE(PERSON_TYPE_ID),
    FOREIGN KEY (PERSON_GENDER_ID) REFERENCES PERSON_GENDER(PERSON_GENDER_ID),
    FOREIGN KEY (RECORD_STATUS_ID) REFERENCES RECORD_STATUS(RECORD_STATUS_ID)
);

CREATE TABLE IF NOT EXISTS CONTACT_TYPE (
    CONTACT_TYPE_ID INTEGER PRIMARY KEY NOT NULL,
    CODE VARCHAR(255) NOT NULL,
    VALUE VARCHAR(255) NOT NULL
);

CREATE TABLE IF NOT EXISTS CONTACT_ELECTRONIC (
    CONTACT_ELECTRONIC_ID INTEGER PRIMARY KEY AUTOINCREMENT,
    ELECTRONIC_DETAILS VARCHAR(255) NOT NULL,
    CONTACT_TYPE_ID INTEGER NOT NULL,
    PARTY_ID INTEGER NOT NULL,
    CREATED_AT TIMESTAMPTZ NOT NULL DEFAULT CURRENT_TIMESTAMP,
    UPDATED_ON TIMESTAMPTZ,
    RECORD_STATUS_ID INTEGER NOT NULL DEFAULT 1,
    FOREIGN KEY (CONTACT_TYPE_ID) REFERENCES CONTACT_TYPE(CONTACT_TYPE_ID),
    FOREIGN KEY (PARTY_ID) REFERENCES PARTY(PARTY_ID),
    FOREIGN KEY (RECORD_STATUS_ID) REFERENCES RECORD_STATUS(RECORD_STATUS_ID)
);

CREATE TABLE IF NOT EXISTS CONTACT_LAND (
    CONTACT_LAND_ID INTEGER PRIMARY KEY AUTOINCREMENT,
    ADDRESS_LINE1 VARCHAR(255) NOT NULL,
    ADDRESS_LINE2 VARCHAR(255) NOT NULL,
    ADDRESS_ZIP VARCHAR(255) NOT NULL,
    ADDRESS_CITY VARCHAR(255) NOT NULL,
    ADDRESS_STATE VARCHAR(255) NOT NULL,
    ADDRESS_COUNTRY VARCHAR(255) NOT NULL,
    CONTACT_TYPE_ID INTEGER NOT NULL,
    PARTY_ID INTEGER NOT NULL,
    CREATED_AT TIMESTAMPTZ NOT NULL DEFAULT CURRENT_TIMESTAMP,
    UPDATED_ON TIMESTAMPTZ,
    RECORD_STATUS_ID INTEGER NOT NULL DEFAULT 1,
    FOREIGN KEY (CONTACT_TYPE_ID) REFERENCES CONTACT_TYPE(CONTACT_TYPE_ID),
    FOREIGN KEY (PARTY_ID) REFERENCES PARTY(PARTY_ID),
    FOREIGN KEY (RECORD_STATUS_ID) REFERENCES RECORD_STATUS(RECORD_STATUS_ID)
);

CREATE TABLE IF NOT EXISTS CONTACT_TELE (
    CONTACT_TELE_ID INTEGER PRIMARY KEY AUTOINCREMENT,
    NUMBER VARCHAR(255) NOT NULL,
    CONTACT_TYPE_ID INTEGER NOT NULL,
    PARTY_ID INTEGER NOT NULL,
    CREATED_AT TIMESTAMPTZ NOT NULL DEFAULT CURRENT_TIMESTAMP,
    UPDATED_ON TIMESTAMPTZ,
    RECORD_STATUS_ID INTEGER NOT NULL DEFAULT 1,
    FOREIGN KEY (CONTACT_TYPE_ID) REFERENCES CONTACT_TYPE(CONTACT_TYPE_ID),
    FOREIGN KEY (PARTY_ID) REFERENCES PARTY(PARTY_ID),
    FOREIGN KEY (RECORD_STATUS_ID) REFERENCES RECORD_STATUS(RECORD_STATUS_ID)
);

CREATE TABLE IF NOT EXISTS ACCOUNT_TYPE (
    ACCOUNT_TYPE_ID INTEGER PRIMARY KEY NOT NULL,
    CODE VARCHAR(255) NOT NULL,
    VALUE VARCHAR(255) NOT NULL
);

CREATE TABLE IF NOT EXISTS ACCOUNT_AUTH_TYPE (
    ACCOUNT_AUTH_TYPE_ID INTEGER PRIMARY KEY NOT NULL,
    CODE VARCHAR(255) NOT NULL,
    VALUE VARCHAR(255) NOT NULL
);

CREATE TABLE IF NOT EXISTS ACCOUNT (
    ACCOUNT_ID INTEGER PRIMARY KEY AUTOINCREMENT,
    ACCOUNT_TYPE_ID INTEGER NOT NULL,
    ACCOUNT_NAME VARCHAR(255) NOT NULL,
    CREATED_AT TIMESTAMPTZ NOT NULL DEFAULT CURRENT_TIMESTAMP,
    UPDATED_ON TIMESTAMPTZ,
    RECORD_STATUS_ID INTEGER NOT NULL DEFAULT 1,
    FOREIGN KEY (ACCOUNT_TYPE_ID) REFERENCES ACCOUNT_TYPE(ACCOUNT_TYPE_ID),
    FOREIGN KEY (RECORD_STATUS_ID) REFERENCES RECORD_STATUS(RECORD_STATUS_ID)
);

CREATE TABLE IF NOT EXISTS ACCOUNT_IDENTIFIER (
    ACCOUNT_IDENTIFIER_ID INTEGER PRIMARY KEY AUTOINCREMENT,
    ACCOUNT_ID INTEGER NOT NULL,
    IDENTIFIER_NAME VARCHAR(255) NOT NULL,
    IDENTIFIER_VALUE VARCHAR(255) NOT NULL,
    IDENTIFIER_VALUE_ENCRYPTED VARCHAR(255) NOT NULL,
    ACCOUNT_AUTH_TYPE_ID INTEGER NOT NULL,
    CREATED_AT TIMESTAMPTZ NOT NULL DEFAULT CURRENT_TIMESTAMP,
    UPDATED_ON TIMESTAMPTZ,
    RECORD_STATUS_ID INTEGER NOT NULL DEFAULT 1,
    FOREIGN KEY (ACCOUNT_ID) REFERENCES ACCOUNT(ACCOUNT_ID),
    FOREIGN KEY (ACCOUNT_AUTH_TYPE_ID) REFERENCES ACCOUNT_AUTH_TYPE(ACCOUNT_AUTH_TYPE_ID),
    FOREIGN KEY (RECORD_STATUS_ID) REFERENCES RECORD_STATUS(RECORD_STATUS_ID)
);

CREATE TABLE IF NOT EXISTS CONFIGURATION_SCOPE (
    CONFIGURATION_SCOPE_ID INTEGER PRIMARY KEY AUTOINCREMENT,
    CODE VARCHAR(255) NOT NULL,
    VALUE VARCHAR(255) NOT NULL,
    DESCRIPTION VARCHAR(255) NOT NULL,
    HIERARCHY_LEVEL INTEGER NOT NULL,
    CREATED_AT TIMESTAMPTZ NOT NULL DEFAULT CURRENT_TIMESTAMP,
    UPDATED_ON TIMESTAMPTZ,
    RECORD_STATUS_ID INTEGER NOT NULL DEFAULT 1,
    FOREIGN KEY (RECORD_STATUS_ID) REFERENCES RECORD_STATUS(RECORD_STATUS_ID)
);

CREATE TABLE IF NOT EXISTS MASTER_CONFIGURATION (
    MASTER_CONFIGURATION_ID INTEGER PRIMARY KEY AUTOINCREMENT,
    CONFIGURATION_SCOPE_ID INTEGER NOT NULL,
    NAME VARCHAR(255) NOT NULL,
    DESCRIPTION VARCHAR(255) NOT NULL,
    DEFAULT_VALUE VARCHAR(255) NOT NULL,
    SHORT_KEY VARCHAR(255) NOT NULL,
    CONFIG_TYPE VARCHAR(255) NOT NULL,
    CREATED_AT TIMESTAMPTZ NOT NULL DEFAULT CURRENT_TIMESTAMP,
    UPDATED_ON TIMESTAMPTZ,
    RECORD_STATUS_ID INTEGER NOT NULL DEFAULT 1,
    FOREIGN KEY (CONFIGURATION_SCOPE_ID) REFERENCES CONFIGURATION_SCOPE(CONFIGURATION_SCOPE_ID),
    FOREIGN KEY (RECORD_STATUS_ID) REFERENCES RECORD_STATUS(RECORD_STATUS_ID)
);

CREATE TABLE IF NOT EXISTS CONFIGURATION_VALUE (
    CONFIGURATION_VALUE_ID INTEGER PRIMARY KEY AUTOINCREMENT,
    PARTY_ID INTEGER NOT NULL,
    MASTER_CONFIGURATION_ID INTEGER NOT NULL,
    VALUE JSON NOT NULL,
    IS_MULTIVALUE BOOLEAN NOT NULL DEFAULT FALSE,
    NAMEAS VARCHAR(255) NOT NULL,
    DESCRIPTION VARCHAR(255) NOT NULL,
    CREATED_AT TIMESTAMPTZ NOT NULL DEFAULT CURRENT_TIMESTAMP,
    UPDATED_ON TIMESTAMPTZ,
    RECORD_STATUS_ID INTEGER NOT NULL DEFAULT 1,
    FOREIGN KEY (PARTY_ID) REFERENCES PARTY(PARTY_ID),
    FOREIGN KEY (MASTER_CONFIGURATION_ID) REFERENCES MASTER_CONFIGURATION(MASTER_CONFIGURATION_ID),
    FOREIGN KEY (RECORD_STATUS_ID) REFERENCES RECORD_STATUS(RECORD_STATUS_ID)
);

CREATE TABLE IF NOT EXISTS CONFIGURATION_MASTER_OPTIONS (
    CONFIGURATION_MASTER_OPTIONS_ID INTEGER PRIMARY KEY AUTOINCREMENT,
    NAME VARCHAR(255) NOT NULL,
    DESCRIPTION VARCHAR(255) NOT NULL,
    TYPE VARCHAR(255) NOT NULL,
    CREATED_AT TIMESTAMPTZ NOT NULL DEFAULT CURRENT_TIMESTAMP,
    UPDATED_ON TIMESTAMPTZ,
    RECORD_STATUS_ID INTEGER NOT NULL DEFAULT 1,
    FOREIGN KEY (RECORD_STATUS_ID) REFERENCES RECORD_STATUS(RECORD_STATUS_ID)
);

CREATE TABLE IF NOT EXISTS CONFIGURATION_FEATURE_FLAG (
    CONFIGURATION_FEATURE_FLAG_ID INTEGER PRIMARY KEY AUTOINCREMENT,
    PARTY_ID INTEGER NOT NULL,
    CONFIGURATION_MASTER_OPTIONS_ID INTEGER NOT NULL,
    MASTER_CONFIGURATION_ID INTEGER NOT NULL,
    CREATED_AT TIMESTAMPTZ NOT NULL DEFAULT CURRENT_TIMESTAMP,
    UPDATED_ON TIMESTAMPTZ,
    RECORD_STATUS_ID INTEGER NOT NULL DEFAULT 1,
    FOREIGN KEY (PARTY_ID) REFERENCES PARTY(PARTY_ID),
    FOREIGN KEY (CONFIGURATION_MASTER_OPTIONS_ID) REFERENCES CONFIGURATION_MASTER_OPTIONS(CONFIGURATION_MASTER_OPTIONS_ID),
    FOREIGN KEY (MASTER_CONFIGURATION_ID) REFERENCES MASTER_CONFIGURATION(MASTER_CONFIGURATION_ID),
    FOREIGN KEY (RECORD_STATUS_ID) REFERENCES RECORD_STATUS(RECORD_STATUS_ID)
);

CREATE TABLE IF NOT EXISTS PLPGSQL_CHECK_RESULT (
    PLPGSQL_CHECK_RESULT_ID INTEGER PRIMARY KEY AUTOINCREMENT,
    FUNCTION_ID VARCHAR(255),
    LINE_NO INTEGER,
    STATEMENT VARCHAR(3000),
    SQL_STATE VARCHAR(255),
    MESSAGE VARCHAR(3000),
    DETAIL VARCHAR(3000),
    HINT VARCHAR(255),
    LEVEL VARCHAR(255),
    POSITION VARCHAR(255),
    QUERY VARCHAR(3000),
    CONTEXT VARCHAR(255),
    CREATED_AT TIMESTAMPTZ NOT NULL DEFAULT CURRENT_TIMESTAMP,
    UPDATED_ON TIMESTAMPTZ,
    RECORD_STATUS_ID INTEGER NOT NULL DEFAULT 1,
    FOREIGN KEY (RECORD_STATUS_ID) REFERENCES RECORD_STATUS(RECORD_STATUS_ID)
);