-- Code generated by Netspective IGS. DO NOT EDIT.

INSERT INTO account (account_name, account_type_id, record_status_id) VALUES ('Service', 2, 1);

INSERT INTO account_identifier (account_id, identifier_name, identifier_value, identifier_value_encrypted, account_auth_type_id, record_status_id) VALUES ((select account_id from account where account_name = 'Service'), 'id_name', 'test', crypt('test', gen_salt('bf')), 1, 1);