-- Code generated by Netspective IGS. DO NOT EDIT.

INSERT INTO record_status (record_status_id, value, code) VALUES (1, 'Active', 'ACTIVE');
INSERT INTO record_status (record_status_id, value, code) VALUES (2, 'Immutable', 'IMMUTABLE');
INSERT INTO record_status (record_status_id, value, code) VALUES (3, 'Inactive', 'INACTIVE');

INSERT INTO party_type (party_type_id, value, code) VALUES (1, 'System', 'SYSTEM');
INSERT INTO party_type (party_type_id, value, code) VALUES (2, 'Organization', 'ORGANIZATION');
INSERT INTO party_type (party_type_id, value, code) VALUES (3, 'Person', 'PERSON');

INSERT INTO party (party_name, party_type_id, record_status_id) VALUES ('SYSTEM', 1, 1);

INSERT INTO organization_type (organization_type_id, value, code, party_id, record_status_id) VALUES ('40e6215d-b5c6-4896-987c-f30f3678f608', 'Tenant', 'TENANT', (select party_id from party where party_name = 'SYSTEM'), 1);
INSERT INTO organization_type (organization_type_id, value, code, party_id, record_status_id) VALUES ('6ecd8c99-4036-403d-bf84-cf8400f67836', 'Institution', 'INSTITUTION', (select party_id from party where party_name = 'SYSTEM'), 1);
INSERT INTO organization_type (organization_type_id, value, code, party_id, record_status_id) VALUES ('3f333df6-90a4-4fda-8dd3-9485d27cee36', 'Business Unit', 'BUSINESS_UNIT', (select party_id from party where party_name = 'SYSTEM'), 1);

INSERT INTO person_gender (person_gender_id, value, code) VALUES (1, 'Male', 'MALE');
INSERT INTO person_gender (person_gender_id, value, code) VALUES (2, 'Female', 'FEMALE');

INSERT INTO contact_type (contact_type_id, value, code) VALUES (1, 'Email', 'EMAIL');
INSERT INTO contact_type (contact_type_id, value, code) VALUES (2, 'SMS', 'SMS');
INSERT INTO contact_type (contact_type_id, value, code) VALUES (3, 'Call', 'CALL');
INSERT INTO contact_type (contact_type_id, value, code) VALUES (4, 'Land', 'LAND');

INSERT INTO account_type (account_type_id, value, code) VALUES (1, 'Person', 'PERSON');
INSERT INTO account_type (account_type_id, value, code) VALUES (2, 'Service', 'SERVICE');

INSERT INTO account_auth_type (account_auth_type_id, value, code) VALUES (1, 'E-mail', 'EMAIL');