-- Code generated by Netspective IGS. DO NOT EDIT.

INSERT INTO record_status (id, value, code) VALUES (1, 'Active', 'ACTIVE');
INSERT INTO record_status (id, value, code) VALUES (2, 'Immutable', 'IMMUTABLE');
INSERT INTO record_status (id, value, code) VALUES (3, 'Inactive', 'INACTIVE');

INSERT INTO party_type (id, value, code) VALUES (1, 'System', 'SYSTEM');
INSERT INTO party_type (id, value, code) VALUES (2, 'Organization', 'ORGANIZATION');
INSERT INTO party_type (id, value, code) VALUES (3, 'Person', 'PERSON');

INSERT INTO party (party_name, party_type_id, record_status_id) VALUES ('SYSTEM', 1, 1);

INSERT INTO organization_type (id, value, code, party_id, record_status_id) VALUES (1, 'Tenant', 'TENANT', (select id from party where party_name = 'SYSTEM'), 1);
INSERT INTO organization_type (id, value, code, party_id, record_status_id) VALUES (2, 'Institution', 'INSTITUTION', (select id from party where party_name = 'SYSTEM'), 1);
INSERT INTO organization_type (id, value, code, party_id, record_status_id) VALUES (3, 'Business Unit', 'BUSINESS_UNIT', (select id from party where party_name = 'SYSTEM'), 1);

INSERT INTO person_gender (id, value, code) VALUES (1, 'Male', 'MALE');
INSERT INTO person_gender (id, value, code) VALUES (2, 'Female', 'FEMALE');

INSERT INTO contact_type (id, value, code) VALUES (1, 'Email', 'EMAIL');
INSERT INTO contact_type (id, value, code) VALUES (2, 'SMS', 'SMS');
INSERT INTO contact_type (id, value, code) VALUES (3, 'Call', 'CALL');
INSERT INTO contact_type (id, value, code) VALUES (4, 'Land', 'LAND');

INSERT INTO account_type (id, value, code) VALUES (1, 'Person', 'PERSON');
INSERT INTO account_type (id, value, code) VALUES (2, 'Service', 'SERVICE');

INSERT INTO account_auth_type (id, value, code) VALUES (1, 'E-mail', 'EMAIL');